// Jest Snapshot v1, https://goo.gl/fbAQLP

exports[`Testing sample component with snapshot render correctly enzyme 1`] = `
<Fragment>
  <button>
    Toggle
  </button>
  <div>
    Sample Text
  </div>
  <h1>
    hello from Sample Component
  </h1>
  <h1>
    Good Afternoon
  </h1>
</Fragment>
`;
